---
# Source: zeebe-benchmark/templates/workers.yaml
apiVersion: apps/v1
kind: Deployment
metadata:
  name: benchmark-worker
  labels:
    app: benchmark-worker
spec:
  selector:
    matchLabels:
      app: benchmark-worker
  replicas: 3
  template:
    metadata:
      labels:
        app: benchmark-worker
        app.kubernetes.io/component: zeebe-client
    spec:
      containers:
        - name: benchmark-worker
          image: "gcr.io/zeebe-io/worker:SNAPSHOT"
          imagePullPolicy: Always
          env:
            - name: JDK_JAVA_OPTIONS
              value: >-
                -Dconfig.override_with_env_vars=true
                -Dapp.brokerUrl=benchmark-test-core:26500
                -Dzeebe.client.requestTimeout=62000
                -Dapp.worker.capacity=60
                -Dapp.worker.threads=10
                -Dapp.worker.pollingDelay=1ms
                -Dapp.worker.completionDelay=50ms
                -Dapp.worker.workerName="benchmark"
                -Dapp.worker.jobType="benchmark-task"
                -Dapp.worker.payloadPath="bpmn/big_payload.json"
                -XX:+HeapDumpOnOutOfMemoryError
            - name: LOG_LEVEL
              value: "WARN"
          resources:
            limits:
              cpu: 500m
              memory: 256Mi
            requests:
              cpu: 500m
              memory: 256Mi
          ports:
            - containerPort: 9600
              name: "http"
---
# Source: zeebe-benchmark/templates/workers.yaml
apiVersion: apps/v1
kind: Deployment
metadata:
  name: image-worker
  labels:
    app: image-worker
spec:
  selector:
    matchLabels:
      app: image-worker
  replicas: 3
  template:
    metadata:
      labels:
        app: image-worker
        app.kubernetes.io/component: zeebe-client
    spec:
      containers:
        - name: image-worker
          image: "gcr.io/zeebe-io/worker:SNAPSHOT"
          imagePullPolicy: Always
          env:
            - name: JDK_JAVA_OPTIONS
              value: >-
                -Dconfig.override_with_env_vars=true
                -Dapp.brokerUrl=benchmark-test-core:26500
                -Dzeebe.client.requestTimeout=62000
                -Dapp.worker.pollingDelay=1ms
                -Dapp.worker.completionDelay=50ms
                -Dapp.worker.workerName="image"
                -XX:+HeapDumpOnOutOfMemoryError
          ports:
            - containerPort: 9600
              name: "http"
---
# Source: zeebe-benchmark/templates/workers.yaml
apiVersion: apps/v1
kind: Deployment
metadata:
  name: otherWorker-worker
  labels:
    app: otherWorker-worker
spec:
  selector:
    matchLabels:
      app: otherWorker-worker
  replicas: 1
  template:
    metadata:
      labels:
        app: otherWorker-worker
        app.kubernetes.io/component: zeebe-client
    spec:
      containers:
        - name: otherWorker-worker
          image: "gcr.io/zeebe-io/worker:SNAPSHOT"
          imagePullPolicy: Always
          env:
            - name: JDK_JAVA_OPTIONS
              value: >-
                -Dconfig.override_with_env_vars=true
                -Dapp.brokerUrl=benchmark-test-core:26500
                -Dzeebe.client.requestTimeout=62000
                -Dapp.worker.capacity=10
                -Dapp.worker.pollingDelay=1ms
                -Dapp.worker.completionDelay=50ms
                -Dapp.worker.workerName="otherWorker"
                -Dapp.worker.jobType="otherWorker-job"
                -XX:+HeapDumpOnOutOfMemoryError
          ports:
            - containerPort: 9600
              name: "http"